# vsim -coverage -l counter.log -c test_bench -voptargs="+cover=bcesft" -assertdebug -do "coverage save -onexit counter.ucdb; log -r /*;run -all" 
# Start time: 09:22:25 on Jun 07,2025
# ** Note: (vsim-3813) Design is being optimized due to module recompilation...
# //  Questa Intel Starter FPGA Edition-64
# //  Version 2023.3 linux_x86_64 Jul 17 2023
# //
# //  Copyright 1991-2023 Mentor Graphics Corporation
# //  All Rights Reserved.
# //
# //  QuestaSim and its associated documentation contain trade
# //  secrets and commercial or financial information that are the property of
# //  Mentor Graphics Corporation and are privileged, confidential,
# //  and exempt from disclosure under the Freedom of Information Act,
# //  5 U.S.C. Section 552. Furthermore, this information
# //  is prohibited from disclosure under the Trade Secrets Act,
# //  18 U.S.C. Section 1905.
# //
# Loading work.test_bench(fast)
# coverage save -onexit counter.ucdb
#  log -r /*
# run -all
# ==========================================================
# ----------------- TEST C1: Counter Init ------------------
# ==========================================================
# ====================================
# [24000] READ: Addr = 0x40001004, Data = 0x00000000
# ====================================
# ====================================
# [39000] READ: Addr = 0x40001008, Data = 0x00000000
# ====================================
# ====================================
# At [t=        40] - [PASS] Expected: 0x00000000, Got: 0x00000000
# ====================================
# ==========================================================
# --------------- TEST C2: Counter Increment ---------------
# ==========================================================
# Interrupt disable
# ====================================
# [53000] WRITE: Addr = 0x40001004, Data = 0x369d4b49
# ====================================
# ====================================
# [68000] WRITE: Addr = 0x40001008, Data = 0x00000000
# ====================================
# ====================================
# [83000] WRITE: Addr = 0x40001000, Data = 0x00000001
# ====================================
# ====================================
# [2488000] WRITE: Addr = 0x40001000, Data = 0x00000000
# ====================================
# ====================================
# [2509000] READ: Addr = 0x40001004, Data = 0x369d4d2a
# ====================================
# ====================================
# [2524000] READ: Addr = 0x40001008, Data = 0x00000000
# ====================================
# actual_count = 00000000369d4d2a
# ====================================
# [2538000] WRITE: Addr = 0x40001004, Data = 0x00000000
# ====================================
# ====================================
# [2553000] WRITE: Addr = 0x40001008, Data = 0x00000000
# ====================================
# Count in default mode.
# expected_count = 00000000369d4d2a
# ====================================
# At [t=      2554] - [PASS] Expected: 0x369d4d2a, Got: 0x369d4d2a
# ====================================
# ==========================================================
# --------------- TEST C3: Counter Overflow ----------------
# ==========================================================
# Interrupt disable
# ====================================
# [2568000] WRITE: Addr = 0x40001004, Data = 0xfffffffa
# ====================================
# ====================================
# [2583000] WRITE: Addr = 0x40001008, Data = 0xffffffff
# ====================================
# ====================================
# [2598000] WRITE: Addr = 0x40001000, Data = 0x00000001
# ====================================
# ====================================
# [2628000] WRITE: Addr = 0x40001000, Data = 0x00000000
# ====================================
# ====================================
# [2649000] READ: Addr = 0x40001004, Data = 0x00000000
# ====================================
# ====================================
# [2664000] READ: Addr = 0x40001008, Data = 0x00000000
# ====================================
# actual_count = 0000000000000000
# ====================================
# [2678000] WRITE: Addr = 0x40001004, Data = 0x00000000
# ====================================
# ====================================
# [2693000] WRITE: Addr = 0x40001008, Data = 0x00000000
# ====================================
# Count in default mode.
# expected_count = 0000000000000000
# t=      2693 PASS: the counter overflow and the value after overflow is 0000000000000000
# ==========================================================
# --------------- TEST C4: Counter Disable -----------------
# ==========================================================
# After counter stops counting (timer_en H -> L)
# ====================================
# [2709000] READ: Addr = 0x40001004, Data = 0x00000000
# ====================================
# ====================================
# [2724000] READ: Addr = 0x40001008, Data = 0x00000000
# ====================================
# ====================================
# At [t=      2725] - [PASS] Expected: 0x00000000, Got: 0x00000000
# ====================================
# The number of Error:           0:
# ==========================================================
# --------------------- TEST SUCCESS! ----------------------
# ==========================================================
# ** Note: $finish    : ../tb/test_bench.v(90)
#    Time: 2725500 ps  Iteration: 0  Instance: /test_bench
# Saving coverage database on exit...
# End time: 09:22:26 on Jun 07,2025, Elapsed time: 0:00:01
# Errors: 0, Warnings: 0
