# vsim -coverage -l counter_control.log -c test_bench -voptargs="+cover=bcesft" -assertdebug -do "coverage save -onexit counter_control.ucdb; log -r /*;run -all" 
# Start time: 09:22:27 on Jun 07,2025
# ** Note: (vsim-3813) Design is being optimized due to module recompilation...
# //  Questa Intel Starter FPGA Edition-64
# //  Version 2023.3 linux_x86_64 Jul 17 2023
# //
# //  Copyright 1991-2023 Mentor Graphics Corporation
# //  All Rights Reserved.
# //
# //  QuestaSim and its associated documentation contain trade
# //  secrets and commercial or financial information that are the property of
# //  Mentor Graphics Corporation and are privileged, confidential,
# //  and exempt from disclosure under the Freedom of Information Act,
# //  5 U.S.C. Section 552. Furthermore, this information
# //  is prohibited from disclosure under the Trade Secrets Act,
# //  18 U.S.C. Section 1905.
# //
# Loading work.test_bench(fast)
# coverage save -onexit counter_control.ucdb
#  log -r /*
# run -all
# ==========================================================
# ------------ TEST CC1: Counter Control Mode --------------
# ==========================================================
#                               
# Running test with div_val = 0000 (Counting Speed is divided by  1)
#                               
# Test cycles = 480
#                               
# Counting from = 00000000369d4b49
#                               
# Interrupt disable
# ====================================
# [23000] WRITE: Addr = 0x40001004, Data = 0x369d4b49
# ====================================
# ====================================
# [38000] WRITE: Addr = 0x40001008, Data = 0x00000000
# ====================================
# ====================================
# [53000] WRITE: Addr = 0x40001000, Data = 0x00000003
# ====================================
# ====================================
# [2458000] WRITE: Addr = 0x40001000, Data = 0x00000000
# ====================================
# ====================================
# [2479000] READ: Addr = 0x40001004, Data = 0x369d4d2a
# ====================================
# ====================================
# [2494000] READ: Addr = 0x40001008, Data = 0x00000000
# ====================================
# actual_count = 00000000369d4d2a
# ====================================
# [2508000] WRITE: Addr = 0x40001004, Data = 0x00000000
# ====================================
# ====================================
# [2523000] WRITE: Addr = 0x40001008, Data = 0x00000000
# ====================================
# No division.
# expected_count = 00000000369d4d2a
# It took   1 period for counter to increase its value
# ====================================
# At [t=      2524] - [PASS] Expected: 0x369d4d2a, Got: 0x369d4d2a
# ====================================
#                               
# Running test with div_val = 0001 (Counting Speed is divided by  2)
#                               
# Test cycles = 215
#                               
# Counting from = 000000007cb0da7e
#                               
# Interrupt disable
# ====================================
# [2538000] WRITE: Addr = 0x40001004, Data = 0x7cb0da7e
# ====================================
# ====================================
# [2553000] WRITE: Addr = 0x40001008, Data = 0x00000000
# ====================================
# ====================================
# [2568000] WRITE: Addr = 0x40001000, Data = 0x00000103
# ====================================
# ====================================
# [3648000] WRITE: Addr = 0x40001000, Data = 0x00000000
# ====================================
# ====================================
# [3669000] READ: Addr = 0x40001004, Data = 0x7cb0daea
# ====================================
# ====================================
# [3684000] READ: Addr = 0x40001008, Data = 0x00000000
# ====================================
# actual_count = 000000007cb0daea
# ====================================
# [3698000] WRITE: Addr = 0x40001004, Data = 0x00000000
# ====================================
# ====================================
# [3713000] WRITE: Addr = 0x40001008, Data = 0x00000000
# ====================================
# Div_val = 1.
# expected_count = 000000007cb0daea
# It took   2 period for counter to increase its value
# ====================================
# At [t=      3714] - [PASS] Expected: 0x7cb0daea, Got: 0x7cb0daea
# ====================================
#                               
# Running test with div_val = 0010 (Counting Speed is divided by  4)
#                               
# Test cycles = 324
#                               
# Counting from = 00000000c7119e4e
#                               
# Interrupt disable
# ====================================
# [3728000] WRITE: Addr = 0x40001004, Data = 0xc7119e4e
# ====================================
# ====================================
# [3743000] WRITE: Addr = 0x40001008, Data = 0x00000000
# ====================================
# ====================================
# [3758000] WRITE: Addr = 0x40001000, Data = 0x00000203
# ====================================
# ====================================
# [5383000] WRITE: Addr = 0x40001000, Data = 0x00000000
# ====================================
# ====================================
# [5404000] READ: Addr = 0x40001004, Data = 0xc7119e9f
# ====================================
# ====================================
# [5419000] READ: Addr = 0x40001008, Data = 0x00000000
# ====================================
# actual_count = 00000000c7119e9f
# ====================================
# [5433000] WRITE: Addr = 0x40001004, Data = 0x00000000
# ====================================
# ====================================
# [5448000] WRITE: Addr = 0x40001008, Data = 0x00000000
# ====================================
# Div_val = 2.
# expected_count = 00000000c7119e9f
# It took   4 period for counter to increase its value
# ====================================
# At [t=      5449] - [PASS] Expected: 0xc7119e9f, Got: 0xc7119e9f
# ====================================
#                               
# Running test with div_val = 0011 (Counting Speed is divided by  8)
#                               
# Test cycles = 293
#                               
# Counting from = 00000000b81d179b
#                               
# Interrupt disable
# ====================================
# [5463000] WRITE: Addr = 0x40001004, Data = 0xb81d179b
# ====================================
# ====================================
# [5478000] WRITE: Addr = 0x40001008, Data = 0x00000000
# ====================================
# ====================================
# [5493000] WRITE: Addr = 0x40001000, Data = 0x00000303
# ====================================
# ====================================
# [6963000] WRITE: Addr = 0x40001000, Data = 0x00000000
# ====================================
# ====================================
# [6984000] READ: Addr = 0x40001004, Data = 0xb81d17bf
# ====================================
# ====================================
# [6999000] READ: Addr = 0x40001008, Data = 0x00000000
# ====================================
# actual_count = 00000000b81d17bf
# ====================================
# [7013000] WRITE: Addr = 0x40001004, Data = 0x00000000
# ====================================
# ====================================
# [7028000] WRITE: Addr = 0x40001008, Data = 0x00000000
# ====================================
# Div_val = 3.
# expected_count = 00000000b81d17bf
# It took   8 period for counter to increase its value
# ====================================
# At [t=      7029] - [PASS] Expected: 0xb81d17bf, Got: 0xb81d17bf
# ====================================
#                               
# Running test with div_val = 0100 (Counting Speed is divided by 16)
#                               
# Test cycles = 466
#                               
# Counting from = 000000004aae874c
#                               
# Interrupt disable
# ====================================
# [7043000] WRITE: Addr = 0x40001004, Data = 0x4aae874c
# ====================================
# ====================================
# [7058000] WRITE: Addr = 0x40001008, Data = 0x00000000
# ====================================
# ====================================
# [7073000] WRITE: Addr = 0x40001000, Data = 0x00000403
# ====================================
# ====================================
# [9408000] WRITE: Addr = 0x40001000, Data = 0x00000000
# ====================================
# ====================================
# [9429000] READ: Addr = 0x40001004, Data = 0x4aae8769
# ====================================
# ====================================
# [9444000] READ: Addr = 0x40001008, Data = 0x00000000
# ====================================
# actual_count = 000000004aae8769
# ====================================
# [9458000] WRITE: Addr = 0x40001004, Data = 0x00000000
# ====================================
# ====================================
# [9473000] WRITE: Addr = 0x40001008, Data = 0x00000000
# ====================================
# Div_val = 4.
# expected_count = 000000004aae8769
# It took  16 period for counter to increase its value
# ====================================
# At [t=      9474] - [PASS] Expected: 0x4aae8769, Got: 0x4aae8769
# ====================================
#                               
# Running test with div_val = 0101 (Counting Speed is divided by 32)
#                               
# Test cycles = 225
#                               
# Counting from = 000000006aa8df9b
#                               
# Interrupt disable
# ====================================
# [9488000] WRITE: Addr = 0x40001004, Data = 0x6aa8df9b
# ====================================
# ====================================
# [9503000] WRITE: Addr = 0x40001008, Data = 0x00000000
# ====================================
# ====================================
# [9518000] WRITE: Addr = 0x40001000, Data = 0x00000503
# ====================================
# ====================================
# [10648000] WRITE: Addr = 0x40001000, Data = 0x00000000
# ====================================
# ====================================
# [10669000] READ: Addr = 0x40001004, Data = 0x6aa8dfa2
# ====================================
# ====================================
# [10684000] READ: Addr = 0x40001008, Data = 0x00000000
# ====================================
# actual_count = 000000006aa8dfa2
# ====================================
# [10698000] WRITE: Addr = 0x40001004, Data = 0x00000000
# ====================================
# ====================================
# [10713000] WRITE: Addr = 0x40001008, Data = 0x00000000
# ====================================
# Div_val = 5.
# expected_count = 000000006aa8dfa2
# It took  32 period for counter to increase its value
# ====================================
# At [t=     10714] - [PASS] Expected: 0x6aa8dfa2, Got: 0x6aa8dfa2
# ====================================
#                               
# Running test with div_val = 0110 (Counting Speed is divided by 64)
#                               
# Test cycles = 433
#                               
# Counting from = 0000000025568ff3
#                               
# Interrupt disable
# ====================================
# [10728000] WRITE: Addr = 0x40001004, Data = 0x25568ff3
# ====================================
# ====================================
# [10743000] WRITE: Addr = 0x40001008, Data = 0x00000000
# ====================================
# ====================================
# [10758000] WRITE: Addr = 0x40001000, Data = 0x00000603
# ====================================
# ====================================
# [12928000] WRITE: Addr = 0x40001000, Data = 0x00000000
# ====================================
# ====================================
# [12949000] READ: Addr = 0x40001004, Data = 0x25568ff9
# ====================================
# ====================================
# [12964000] READ: Addr = 0x40001008, Data = 0x00000000
# ====================================
# actual_count = 0000000025568ff9
# ====================================
# [12978000] WRITE: Addr = 0x40001004, Data = 0x00000000
# ====================================
# ====================================
# [12993000] WRITE: Addr = 0x40001008, Data = 0x00000000
# ====================================
# Div_val = 6.
# expected_count = 0000000025568ff9
# It took  64 period for counter to increase its value
# ====================================
# At [t=     12994] - [PASS] Expected: 0x25568ff9, Got: 0x25568ff9
# ====================================
#                               
# Running test with div_val = 0111 (Counting Speed is divided by 128)
#                               
# Test cycles = 417
#                               
# Counting from = 0000000041766910
#                               
# Interrupt disable
# ====================================
# [13008000] WRITE: Addr = 0x40001004, Data = 0x41766910
# ====================================
# ====================================
# [13023000] WRITE: Addr = 0x40001008, Data = 0x00000000
# ====================================
# ====================================
# [13038000] WRITE: Addr = 0x40001000, Data = 0x00000703
# ====================================
# ====================================
# [15128000] WRITE: Addr = 0x40001000, Data = 0x00000000
# ====================================
# ====================================
# [15149000] READ: Addr = 0x40001004, Data = 0x41766913
# ====================================
# ====================================
# [15164000] READ: Addr = 0x40001008, Data = 0x00000000
# ====================================
# actual_count = 0000000041766913
# ====================================
# [15178000] WRITE: Addr = 0x40001004, Data = 0x00000000
# ====================================
# ====================================
# [15193000] WRITE: Addr = 0x40001008, Data = 0x00000000
# ====================================
# Div_val = 7.
# expected_count = 0000000041766913
# It took 128 period for counter to increase its value
# ====================================
# At [t=     15194] - [PASS] Expected: 0x41766913, Got: 0x41766913
# ====================================
#                               
# Running test with div_val = 1000 (Counting Speed is divided by 256)
#                               
# Test cycles = 287
#                               
# Counting from = 000000002942e4d8
#                               
# Interrupt disable
# ====================================
# [15208000] WRITE: Addr = 0x40001004, Data = 0x2942e4d8
# ====================================
# ====================================
# [15223000] WRITE: Addr = 0x40001008, Data = 0x00000000
# ====================================
# ====================================
# [15238000] WRITE: Addr = 0x40001000, Data = 0x00000803
# ====================================
# ====================================
# [16678000] WRITE: Addr = 0x40001000, Data = 0x00000000
# ====================================
# ====================================
# [16699000] READ: Addr = 0x40001004, Data = 0x2942e4d9
# ====================================
# ====================================
# [16714000] READ: Addr = 0x40001008, Data = 0x00000000
# ====================================
# actual_count = 000000002942e4d9
# ====================================
# [16728000] WRITE: Addr = 0x40001004, Data = 0x00000000
# ====================================
# ====================================
# [16743000] WRITE: Addr = 0x40001008, Data = 0x00000000
# ====================================
# Div_val = 8.
# expected_count = 000000002942e4d9
# It took 256 period for counter to increase its value
# ====================================
# At [t=     16744] - [PASS] Expected: 0x2942e4d9, Got: 0x2942e4d9
# ====================================
# ==========================================================
# --------- TEST CC2: Counter Div Change Prohibit ----------
# ==========================================================
# Set timer_en = 0
# ====================================
# [16758000] WRITE: Addr = 0x40001000, Data = 0x00000000
# ====================================
# Change div_val = 4'b0101
# ====================================
# [16773000] WRITE: Addr = 0x40001000, Data = 0x00000500
# ====================================
# ====================================
# [16789000] READ: Addr = 0x40001000, Data = 0x00000500
# ====================================
# ====================================
# At [t=     16790] - [PASS] Expected: 0x00000500, Got: 0x00000500
# ====================================
# Set timer_en = 1 and div_en = 1
# ====================================
# [16803000] WRITE: Addr = 0x40001000, Data = 0x00000503
# ====================================
# ====================================
# [16819000] READ: Addr = 0x40001000, Data = 0x00000503
# ====================================
# ====================================
# At [t=     16820] - [PASS] Expected: 0x00000503, Got: 0x00000503
# ====================================
# Choose prohibit div_val = 4'b1010 ===> Div_val doesn't change
# ====================================
# [16833000] WRITE: Addr = 0x40001000, Data = 0x00000a00
# ====================================
# ====================================
# [16849000] READ: Addr = 0x40001000, Data = 0x00000500
# ====================================
# ====================================
# At [t=     16850] - [PASS] Expected: 0x00000500, Got: 0x00000500
# ====================================
# The number of Error:           0:
# ==========================================================
# --------------------- TEST SUCCESS! ----------------------
# ==========================================================
# ** Note: $finish    : ../tb/test_bench.v(90)
#    Time: 16850500 ps  Iteration: 0  Instance: /test_bench
# Saving coverage database on exit...
# End time: 09:22:28 on Jun 07,2025, Elapsed time: 0:00:01
# Errors: 0, Warnings: 0
