# vsim -coverage -l register.log -c test_bench -voptargs="+cover=bcesft" -assertdebug -do "coverage save -onexit register.ucdb; log -r /*;run -all" 
# Start time: 09:22:23 on Jun 07,2025
# ** Note: (vsim-3813) Design is being optimized due to module recompilation...
# //  Questa Intel Starter FPGA Edition-64
# //  Version 2023.3 linux_x86_64 Jul 17 2023
# //
# //  Copyright 1991-2023 Mentor Graphics Corporation
# //  All Rights Reserved.
# //
# //  QuestaSim and its associated documentation contain trade
# //  secrets and commercial or financial information that are the property of
# //  Mentor Graphics Corporation and are privileged, confidential,
# //  and exempt from disclosure under the Freedom of Information Act,
# //  5 U.S.C. Section 552. Furthermore, this information
# //  is prohibited from disclosure under the Trade Secrets Act,
# //  18 U.S.C. Section 1905.
# //
# Loading work.test_bench(fast)
# coverage save -onexit register.ucdb
#  log -r /*
# run -all
# =============================================
# ----- TEST R1: REGISTER INITIALIZATION ------
# =============================================
# ---------   TCR Register   ---------
# ====================================
# [34000] READ: Addr = 0x40001000, Data = 0x00000100
# ====================================
# ====================================
# At [t=        35] - [PASS] Expected: 0x00000100, Got: 0x00000100
# ====================================
# ---------   TDR0 Register  ---------
# ====================================
# [49000] READ: Addr = 0x40001004, Data = 0x00000000
# ====================================
# ====================================
# At [t=        50] - [PASS] Expected: 0x00000000, Got: 0x00000000
# ====================================
# ---------   TDR1 Register  ---------
# ====================================
# [64000] READ: Addr = 0x40001008, Data = 0x00000000
# ====================================
# ====================================
# At [t=        65] - [PASS] Expected: 0x00000000, Got: 0x00000000
# ====================================
# --------   TCMP0 Register  ---------
# ====================================
# [79000] READ: Addr = 0x4000100c, Data = 0xffffffff
# ====================================
# ====================================
# At [t=        80] - [PASS] Expected: 0xffffffff, Got: 0xffffffff
# ====================================
# --------   TCMP1 Register  ---------
# ====================================
# [94000] READ: Addr = 0x40001010, Data = 0xffffffff
# ====================================
# ====================================
# At [t=        95] - [PASS] Expected: 0xffffffff, Got: 0xffffffff
# ====================================
# ---------   TIER Register  ---------
# ====================================
# [109000] READ: Addr = 0x40001014, Data = 0x00000000
# ====================================
# ====================================
# At [t=       110] - [PASS] Expected: 0x00000000, Got: 0x00000000
# ====================================
# ---------   TISR Register  ---------
# ====================================
# [124000] READ: Addr = 0x40001018, Data = 0x00000000
# ====================================
# ====================================
# At [t=       125] - [PASS] Expected: 0x00000000, Got: 0x00000000
# ====================================
# ---------   THCSR Register  --------
# ====================================
# [139000] READ: Addr = 0x4000101c, Data = 0x00000000
# ====================================
# ====================================
# At [t=       140] - [PASS] Expected: 0x00000000, Got: 0x00000000
# ====================================
# =============================================
# --------- TEST R2: REGISTER ACCESS ----------
# =============================================
# ---------   TCR Register   ---------
# ====================================
# [153000] WRITE: Addr = 0x40001000, Data = 0x10101000
# ====================================
# ====================================
# [169000] READ: Addr = 0x40001000, Data = 0x00000000
# ====================================
# ====================================
# At [t=       170] - [PASS] Expected: 0x00000000, Got: 0x00000000
# ====================================
# ---------   TDR0 Register  ---------
# ====================================
# [183000] WRITE: Addr = 0x40001004, Data = 0x00000f0f
# ====================================
# ====================================
# [199000] READ: Addr = 0x40001004, Data = 0x00000f0f
# ====================================
# ====================================
# At [t=       200] - [PASS] Expected: 0x00000f0f, Got: 0x00000f0f
# ====================================
# ---------   TDR1 Register  ---------
# ====================================
# [213000] WRITE: Addr = 0x40001008, Data = 0x0000f0f0
# ====================================
# ====================================
# [229000] READ: Addr = 0x40001008, Data = 0x0000f0f0
# ====================================
# ====================================
# At [t=       230] - [PASS] Expected: 0x0000f0f0, Got: 0x0000f0f0
# ====================================
# --------   TCMP0 Register  ---------
# ====================================
# [243000] WRITE: Addr = 0x4000100c, Data = 0x00000000
# ====================================
# ====================================
# [259000] READ: Addr = 0x4000100c, Data = 0x00000000
# ====================================
# ====================================
# At [t=       260] - [PASS] Expected: 0x00000000, Got: 0x00000000
# ====================================
# --------   TCMP1 Register  ---------
# ====================================
# [273000] WRITE: Addr = 0x40001010, Data = 0x00000000
# ====================================
# ====================================
# [289000] READ: Addr = 0x40001010, Data = 0x00000000
# ====================================
# ====================================
# At [t=       290] - [PASS] Expected: 0x00000000, Got: 0x00000000
# ====================================
# ---------   TIER Register  ---------
# ====================================
# [303000] WRITE: Addr = 0x40001014, Data = 0x00001111
# ====================================
# ====================================
# [319000] READ: Addr = 0x40001014, Data = 0x00000001
# ====================================
# ====================================
# At [t=       320] - [PASS] Expected: 0x00000001, Got: 0x00000001
# ====================================
# ---------   TISR Register  ---------
# ====================================
# [333000] WRITE: Addr = 0x40001018, Data = 0x00001111
# ====================================
# ====================================
# [349000] READ: Addr = 0x40001018, Data = 0x00000000
# ====================================
# ====================================
# At [t=       350] - [PASS] Expected: 0x00000000, Got: 0x00000000
# ====================================
# ---------   THCSR Register  --------
# ====================================
# [363000] WRITE: Addr = 0x4000101c, Data = 0x00001111
# ====================================
# ====================================
# [379000] READ: Addr = 0x4000101c, Data = 0x00000001
# ====================================
# ====================================
# At [t=       380] - [PASS] Expected: 0x00000001, Got: 0x00000001
# ====================================
# ===============================================
# --------- TEST R3: REG RESERVED BITS ----------
# ===============================================
# Write to reserved bits of TCR, TIER, TISR.
# 						
# ---------   TCR Register   ---------
# ====================================
# [403000] WRITE: Addr = 0x40001000, Data = 0xfffff0fc
# ====================================
# ====================================
# [419000] READ: Addr = 0x40001000, Data = 0x00000000
# ====================================
# ====================================
# At [t=       420] - [PASS] Expected: 0x00000000, Got: 0x00000000
# ====================================
# ---------   TIER Register  ---------
# ====================================
# [433000] WRITE: Addr = 0x40001014, Data = 0x11111110
# ====================================
# ====================================
# [449000] READ: Addr = 0x40001014, Data = 0x00000000
# ====================================
# ====================================
# At [t=       450] - [PASS] Expected: 0x00000000, Got: 0x00000000
# ====================================
# ---------   TISR Register  ---------
# ====================================
# [463000] WRITE: Addr = 0x40001018, Data = 0x11111110
# ====================================
# ====================================
# [479000] READ: Addr = 0x40001018, Data = 0x00000000
# ====================================
# ====================================
# At [t=       480] - [PASS] Expected: 0x00000000, Got: 0x00000000
# ====================================
# ---------   THCSR Register  --------
# ====================================
# [493000] WRITE: Addr = 0x4000101c, Data = 0x11111110
# ====================================
# ====================================
# [509000] READ: Addr = 0x4000101c, Data = 0x00000000
# ====================================
# ====================================
# At [t=       510] - [PASS] Expected: 0x00000000, Got: 0x00000000
# ====================================
# =============================================
# --------- TEST R4: TISR RW1C CHECK ----------
# =============================================
# ====================================
# [533000] WRITE: Addr = 0x40001014, Data = 0x00000001
# ====================================
# ====================================
# [548000] WRITE: Addr = 0x4000100c, Data = 0x00000100
# ====================================
# ====================================
# [563000] WRITE: Addr = 0x40001010, Data = 0x00000000
# ====================================
# ====================================
# [578000] WRITE: Addr = 0x40001004, Data = 0x00000100
# ====================================
# ====================================
# [593000] WRITE: Addr = 0x40001008, Data = 0x00000000
# ====================================
# ====================================
# [608000] WRITE: Addr = 0x40001000, Data = 0x00000001
# ====================================
# ====================================
# [624000] READ: Addr = 0x40001018, Data = 0x00000001
# ====================================
# ====================================
# At [t=       625] - [PASS] Expected: 0x00000001, Got: 0x00000001
# ====================================
# ------- INTERRUPT TRIGGERED --------
# ====================================
# [638000] WRITE: Addr = 0x40001018, Data = 0x00000001
# ====================================
# --------- CLEAR INTERRUPT ----------
# ====================================
# [654000] READ: Addr = 0x40001018, Data = 0x00000000
# ====================================
# ====================================
# At [t=       655] - [PASS] Expected: 0x00000000, Got: 0x00000000
# ====================================
# The number of Error:           0:
# ==========================================================
# --------------------- TEST SUCCESS! ----------------------
# ==========================================================
# ** Note: $finish    : ../tb/test_bench.v(90)
#    Time: 655500 ps  Iteration: 0  Instance: /test_bench
# Saving coverage database on exit...
# End time: 09:22:24 on Jun 07,2025, Elapsed time: 0:00:01
# Errors: 0, Warnings: 0
