|-----------------------------------------------------------------------------------------------|
| PAT_NAME                                | RUN_DATE                      | RESULT              |
|-----------------------------------------------------------------------------------------------|
| reg_init_chk                            | 10:44:08 Jun 05 2025          | PASSED              |
|-----------------------------------------------------------------------------------------------|
| reg_rw_chk                              | 10:44:10 Jun 05 2025          | PASSED              |
|-----------------------------------------------------------------------------------------------|
| reg_reserved_chk                        | 10:44:12 Jun 05 2025          | PASSED              |
|-----------------------------------------------------------------------------------------------|
| reg_1hot_chk                            | 10:44:14 Jun 05 2025          | PASSED              |
|-----------------------------------------------------------------------------------------------|
| cnt_ctrl_chk                            | 10:44:27 Jun 05 2025          | PASSED              |
|-----------------------------------------------------------------------------------------------|
| apb_multiple_access                     | 10:44:29 Jun 05 2025          | PASSED              |
|-----------------------------------------------------------------------------------------------|
| apb_unaligned_chk                       | 10:44:31 Jun 05 2025          | PASSED              |
|-----------------------------------------------------------------------------------------------|
| cnt_counting_chk                        | 10:44:33 Jun 05 2025          | PASSED              |
|-----------------------------------------------------------------------------------------------|
| interrupt_chk                           | 10:44:35 Jun 05 2025          | PASSED              |
|-----------------------------------------------------------------------------------------------|
| apb_protocol_chk                        | 10:44:37 Jun 05 2025          | PASSED              |
|-----------------------------------------------------------------------------------------------|
TOTAL/PASSED/REMAIN:10/10/0
