# vsim -debugDB -l cnt_counting_chk.log -voptargs="+access" -assertdebug -c test_bench -do "log -r /*;run -all;" 
# Start time: 10:44:32 on Jun 05,2025
# ** Note: (vsim-3813) Design is being optimized due to module recompilation...
# ** Note: (vsim-8611) Generating debug db.
# ** Warning: (vopt-4308) Enabling visibility using +acc is recommended with debug flow.
# ** Note: (vsim-12126) Error and warning message counts have been restored: Errors=0, Warnings=1.
# //  Questa Intel Starter FPGA Edition-64
# //  Version 2023.3 linux_x86_64 Jul 17 2023
# //
# //  Copyright 1991-2023 Mentor Graphics Corporation
# //  All Rights Reserved.
# //
# //  QuestaSim and its associated documentation contain trade
# //  secrets and commercial or financial information that are the property of
# //  Mentor Graphics Corporation and are privileged, confidential,
# //  and exempt from disclosure under the Freedom of Information Act,
# //  5 U.S.C. Section 552. Furthermore, this information
# //  is prohibited from disclosure under the Trade Secrets Act,
# //  18 U.S.C. Section 1905.
# //
# Loading work.test_bench(fast)
# Loading work.timer_top(fast)
# Loading work.apb_interface(fast)
# Loading work.register(fast)
# Loading work.counter_control(fast)
# Loading work.counter(fast)
# Loading work.interrupt(fast)
# Loading work.mod_golden_cnt(fast)
# ** Note: (vsim-8900) Creating design debug database vsim.dbg.
# log -r /*
# run -all
# ===============================================================
# ====== Test Case: check counter couting check =================
# ===============================================================
# check at boundary of TDR0
# t=       100 [TB_WRITE]: addr=00000004 data=ffffff00
# t=       226 [TB_WRITE]: addr=00000008 data=00000000
# t=       376 [TB_WRITE]: addr=00000000 data=00000001
# t=     13475 [TB_READ]: addr=00000004 rdata=00000000
# t=     13625 [TB_READ]: addr=00000008 rdata=00000001
# ------------------------------------------------
# t=     13625 PASSED: cnt matches expect value 
# Actual:           4294967296
# ------------------------------------------------
# t=     13625 [TB_WRITE]: addr=00000000 data=00000000
# check at boundary of TDR1
# t=     13776 [TB_WRITE]: addr=00000004 data=ffffff00
# t=     13926 [TB_WRITE]: addr=00000008 data=ffffffff
# t=     14076 [TB_WRITE]: addr=00000000 data=00000001
# t=     27175 [TB_READ]: addr=00000004 rdata=00000000
# t=     27325 [TB_READ]: addr=00000008 rdata=00000000
# ------------------------------------------------
# t=     27325 PASSED: cnt matches expect value 
# Actual:                    0
# ------------------------------------------------
# t=     27325 [TB_WRITE]: addr=00000000 data=00000000
# check writing to counter when counting
# t=     27476 [TB_WRITE]: addr=00000004 data=00000000
# t=     27626 [TB_WRITE]: addr=00000008 data=00000000
# t=     27776 [TB_WRITE]: addr=00000000 data=00000001
# t=     40875 [TB_READ]: addr=00000004 rdata=00000100
# t=     41025 [TB_READ]: addr=00000008 rdata=00000000
# t=     41025 [TB_WRITE]: addr=00000004 data=ffffff00
# t=     54125 [TB_READ]: addr=00000004 rdata=00000001
# t=     54275 [TB_READ]: addr=00000008 rdata=00000001
# ------------------------------------------------
# t=     54275 PASSED: cnt matches expect value 
# Actual:           4294967297
# ------------------------------------------------
# t=     54275 [TB_WRITE]: addr=00000000 data=00000000
# check timer_en = 0, timer does not count
# t=     54575 [TB_READ]: addr=00000004 rdata=0000000a
# t=     54725 [TB_READ]: addr=00000008 rdata=00000001
# t=     67675 [TB_READ]: addr=00000004 rdata=0000000a
# t=     67825 [TB_READ]: addr=00000008 rdata=00000001
# --------------------------------------------------------
# t=     67825 PASSED: cnt does not increase when timer_en is 0 
# --------------------------------------------------------
# t=     67825 [TB_WRITE]: addr=00000004 data=00000000
# t=     67976 [TB_WRITE]: addr=00000008 data=00000000
# t=     68126 [TB_WRITE]: addr=00000000 data=00000001
# t=     81225 [TB_READ]: addr=00000004 rdata=00000100
# t=     81375 [TB_READ]: addr=00000008 rdata=00000000
# Test_result PASSED
# ** Note: $finish    : ../tb/test_bench.v(84)
#    Time: 81475 ns  Iteration: 0  Instance: /test_bench
# End time: 10:44:33 on Jun 05,2025, Elapsed time: 0:00:01
# Errors: 0, Warnings: 1
